Microchip MPLAB XC8 Compiler V2.46

Linker command line:

-W-3 \
  --edf=C:\Program Files\Microchip\xc8\v2.46\pic\dat\20240104201356_en.msgs \
  -cn -h+dist/default/production\Trabalho_1.production.sym \
  --cmf=dist/default/production\Trabalho_1.production.cmf -z -Q18F4520 \
  -oC:\Users\21crl\AppData\Local\Temp\xcAseuo.\driver_tmp_3.o \
  --defsym=__MPLAB_BUILD=1 --fixupoverflow=error \
  -Mdist/default/production/Trabalho_1.production.map \
  --md=C:\Users\21crl\AppData\Local\Temp\xcAseuo.\driver_tmp_0.dat -E1 \
  -ver=XC8 Compiler --acfsm=1493 -ASTACK=0538h-05FFh -pstack=STACK \
  -ACODE=00h-07FFFh -ACONST=00h-07FFFh -ASMALLCONST=0600h-06FFhx122 \
  -AMEDIUMCONST=0600h-07FFFh -ACOMRAM=01h-07Fh -AABS1=00h-05FFh \
  -ABIGRAM=01h-05FFh -ARAM=080h-0FFh,0100h-01FFhx5 -ABANK0=080h-0FFh \
  -ABANK1=0100h-01FFh -ABANK2=0200h-02FFh -ABANK3=0300h-03FFh \
  -ABANK4=0400h-04FFh -ABANK5=0500h-05FFh -ASFR=0F80h-0FFFh \
  -ABIGSFR=0F80h-0FFFh -ACONFIG=0300000h-030000Dh -AIDLOC=0200000h-0200007h \
  -AEEDATA=0F00000h-0F000FFh -peeprom_data=EEDATA \
  -preset_vec=00h,intcode=8h,intcodelo,powerup,init -pramtop=0600h \
  -psmallconst=SMALLCONST -pmediumconst=MEDIUMCONST -pconst=CONST \
  -AFARRAM=00h-00h \
  -prdata=COMRAM,nvrram=COMRAM,nvbit=COMRAM,rbss=COMRAM,rbit=COMRAM \
  -pfarbss=FARRAM,fardata=FARRAM,nvFARRAM=FARRAM \
  -pintsave_regs=BIGRAM,bigbss=BIGRAM,bigdata=BIGRAM -pbss=RAM \
  -pidata=CODE,irdata=CODE,ibigdata=CODE,ifardata=CODE -prparam=COMRAM \
  C:\Users\21crl\AppData\Local\Temp\xcAseuo.\driver_tmp_9.o \
  dist/default/production\Trabalho_1.production.o 

Object code version is 3.11

Machine type is 18F4520



                Name                               Link     Load   Length Selector   Space Scale
C:\Users\21crl\AppData\Local\Temp\xcAseuo.\driver_tmp_9.o
                stack                               538      538       C8      538       2
                init                                  C        C        8        4       0
                reset_vec                             0        0        4        0       0
dist/default/production\Trabalho_1.production.o
                intcode                               8        8        4        4       0
                temp                                  1        1       20        1       1
                smallconst                          600      600        2      300       0
                text37                             273E     273E       64      301       0
                text36                             29D8     29D8       26      301       0
                intcode_body                        A7A      A7A      452      301       0
                text34                             2A88     2A88        6      301       0
                text33                             2A82     2A82        6      301       0
                text32                             28EA     28EA       40      301       0
                text31                             26DA     26DA       64      301       0
                text30                             2560     2560       8C      301       0
                text29                             24D0     24D0       90      301       0
                text28                             2398     2398       9E      301       0
                text27                             20FC     20FC      106      301       0
                text26                             1FB4     1FB4      148      301       0
                text25                             2A7C     2A7C        6      301       0
                text24                             29B0     29B0       28      301       0
                text23                             1A9E     1A9E      35E      301       0
                text22                             2674     2674       66      301       0
                text21                              ECC      ECC      442      301       0
                text20                             130E     130E      3D6      301       0
                text19                             2436     2436       9A      301       0
                text18                             16E4     16E4      3BA      301       0
                text17                              602      602      478      301       0
                text16                             1DFC     1DFC      1B8      301       0
                text15                             2202     2202       E0      301       0
                text14                             22E2     22E2       B6      301       0
                text13                             295C     295C       2C      301       0
                text12                             2988     2988       28      301       0
                text11                             27A2     27A2       5E      301       0
                text10                             292A     292A       32      301       0
                text9                              2A20     2A20       1E      301       0
                text8                              2A76     2A76        6      301       0
                text7                              2A70     2A70        6      301       0
                text6                              2A66     2A66        A      301       0
                text5                              289E     289E       4C      301       0
                text4                              2800     2800       52      301       0
                text3                              2852     2852       4C      301       0
                text2                              2A3E     2A3E       1C      301       0
                text1                              2A5A     2A5A        C      301       0
                text0                              25EC     25EC       88      301       0
                cstackCOMRAM                         21       21       1A        1       1
                cstackBANK0                          80       80       54       80       1
                cstackBANK1                         100      100       4E      100       1
                cstackBANK2                         200      200       42      200       1
                cstackBANK4                         400      400       80      400       1
                cstackBANK5                         500      500       38      500       1
                bssBANK3                            300      300       E0      300       1
                bssBANK1                            14E      14E       40      100       1
                cinit                              29FE     29FE       22      301       0

TOTAL           Name                               Link     Load   Length     Space
        CLASS   STACK          
                stack                               538      538       C8         2

        CLASS   CODE           
                intcode                               8        8        4         0
                init                                  C        C        8         0
                reset_vec                             0        0        4         0
                text37                             273E     273E       64         0
                text36                             29D8     29D8       26         0
                intcode_body                        A7A      A7A      452         0
                text34                             2A88     2A88        6         0
                text33                             2A82     2A82        6         0
                text32                             28EA     28EA       40         0
                text31                             26DA     26DA       64         0
                text30                             2560     2560       8C         0
                text29                             24D0     24D0       90         0
                text28                             2398     2398       9E         0
                text27                             20FC     20FC      106         0
                text26                             1FB4     1FB4      148         0
                text25                             2A7C     2A7C        6         0
                text24                             29B0     29B0       28         0
                text23                             1A9E     1A9E      35E         0
                text22                             2674     2674       66         0
                text21                              ECC      ECC      442         0
                text20                             130E     130E      3D6         0
                text19                             2436     2436       9A         0
                text18                             16E4     16E4      3BA         0
                text17                              602      602      478         0
                text16                             1DFC     1DFC      1B8         0
                text15                             2202     2202       E0         0
                text14                             22E2     22E2       B6         0
                text13                             295C     295C       2C         0
                text12                             2988     2988       28         0
                text11                             27A2     27A2       5E         0
                text10                             292A     292A       32         0
                text9                              2A20     2A20       1E         0
                text8                              2A76     2A76        6         0
                text7                              2A70     2A70        6         0
                text6                              2A66     2A66        A         0
                text5                              289E     289E       4C         0
                text4                              2800     2800       52         0
                text3                              2852     2852       4C         0
                text2                              2A3E     2A3E       1C         0
                text1                              2A5A     2A5A        C         0
                text0                              25EC     25EC       88         0
                cinit                              29FE     29FE       22         0

        CLASS   CONST          

        CLASS   SMALLCONST     
                smallconst                          600      600        2         0

        CLASS   MEDIUMCONST    

        CLASS   COMRAM         
                temp                                  1        1       20         1
                cstackCOMRAM                         21       21       1A         1

        CLASS   ABS1           

        CLASS   BIGRAM         

        CLASS   RAM            

        CLASS   BANK0          
                cstackBANK0                          80       80       54         1

        CLASS   BANK1          
                cstackBANK1                         100      100       4E         1
                bssBANK1                            14E      14E       40         1

        CLASS   BANK2          
                cstackBANK2                         200      200       42         1

        CLASS   BANK3          
                bssBANK3                            300      300       E0         1

        CLASS   BANK4          
                cstackBANK4                         400      400       80         1

        CLASS   BANK5          
                cstackBANK5                         500      500       38         1

        CLASS   SFR            

        CLASS   BIGSFR         

        CLASS   CONFIG         

        CLASS   IDLOC          

        CLASS   EEDATA         

        CLASS   FARRAM         

        CLASS   HEAP           



SEGMENTS        Name                           Load    Length   Top    Selector   Space  Class

                reset_vec                      000000  000004  000004         0       0  CODE    
                temp                           000001  00003A  00003B         1       1  COMRAM  
                intcode                        000008  00000C  000014         4       0  CODE    
                cstackBANK0                    000080  000054  0000D4        80       1  BANK0   
                cstackBANK1                    000100  00008E  00018E       100       1  BANK1   
                cstackBANK2                    000200  000042  000242       200       1  BANK2   
                bssBANK3                       000300  0000E0  0003E0       300       1  BANK3   
                cstackBANK4                    000400  000080  000480       400       1  BANK4   
                cstackBANK5                    000500  000038  000538       500       1  BANK5   
                stack                          000538  0000C8  000600       538       2  STACK   
                smallconst                     000600  000002  000602       300       0  SMALLCON
                text17                         000602  00248C  002A8E       301       0  CODE    


UNUSED ADDRESS RANGES

        Name                Unused          Largest block    Delta
        BANK0            00D4-00FF             2C
        BANK1            018E-01FF             72
        BANK2            0242-02FF             BE
        BANK3            03E0-03FF             20
        BANK4            0480-04FF             80
        BANK5            0538-05FF             C8
        BIGRAM           003B-007F             45
                         00D4-00FF             2C
                         018E-01FF             72
                         0242-02FF             BE
                         03E0-03FF             20
                         0480-04FF             80
                         0538-05FF             C8
        BIGSFR           0F80-0FFF             80
        CODE             0004-0007              4
                         0014-05FF            5EC
                         2A8E-7FFF           5572
        COMRAM           003B-007F             45
        CONFIG           300000-30000D              E
        CONST            0004-0007              4
                         0014-05FF            5EC
                         2A8E-7FFF           5572
        EEDATA           F00000-F000FF            100
        IDLOC            200000-200007              8
        MEDIUMCONST      2A8E-7FFF           5572
        RAM              00D4-00FF             2C
                         018E-01FF             72
                         0242-02FF             BE
                         03E0-03FF             20
                         0480-04FF             80
                         0538-05FF             C8
        SFR              0F80-0FFF             80
        SMALLCONST       2A8E-7FFF            100

                                  Symbol Table

?___fldiv                              cstackBANK1  012F
?___flmul                              cstackBANK1  0127
?___lwmod                              cstackBANK4  0470
?___wmul                               cstackBANK5  0500
?___xxtofl                             cstackBANK0  00AA
?_read_temperature                     cstackBANK1  0144
?i1___wmul                             cstackBANK4  0470
?i2___lwmod                            cstackCOMRAM 0021
?i2___wmul                             cstackCOMRAM 0021
_ADCON0bits                            (abs)        0FC2
_ADCON1bits                            (abs)        0FC1
_ADCON2bits                            (abs)        0FC0
_ADRESH                                (abs)        0FC4
_ADRESL                                (abs)        0FC3
_BSR                                   (abs)        0FE0
_INTCONbits                            (abs)        0FF2
_LATBbits                              (abs)        0F8A
_LATDbits                              (abs)        0F8C
_PORTC                                 (abs)        0F82
_PORTCbits                             (abs)        0F82
_PORTDbits                             (abs)        0F83
_Ready_queue                           bssBANK3     0300
_STATUS                                (abs)        0FD8
_STKPTR                                (abs)        0FFC
_T0CONbits                             (abs)        0FD5
_TMR0                                  (abs)        0FD6
_TOS                                   (abs)        0FFD
_TRISBbits                             (abs)        0F93
_TRISC                                 (abs)        0F94
_TRISCbits                             (abs)        0F94
_WREG                                  (abs)        0FE8
__HRAM                                 (abs)        0000
__H__absolute__                        __absolute__ 0000
__Habs1                                abs1         0000
__Hbank0                               bank0        0000
__Hbank1                               bank1        0000
__Hbank2                               bank2        0000
__Hbank3                               bank3        0000
__Hbank4                               bank4        0000
__Hbank5                               bank5        0000
__Hbigbss                              bigbss       0000
__Hbigdata                             bigdata      0000
__Hbigram                              bigram       0000
__Hbigsfr                              bigsfr       0000
__Hbss                                 bss          0000
__HbssBANK1                            bssBANK1     0000
__HbssBANK3                            bssBANK3     0000
__Hcinit                               cinit        0000
__Hclrtext                             clrtext      0000
__Hcomram                              comram       0000
__Hconfig                              config       0000
__Hconst                               const        0000
__HcstackBANK0                         cstackBANK0  0000
__HcstackBANK1                         cstackBANK1  0000
__HcstackBANK2                         cstackBANK2  0000
__HcstackBANK3                         cstackBANK3  0000
__HcstackBANK4                         cstackBANK4  0000
__HcstackBANK5                         cstackBANK5  0000
__HcstackCOMRAM                        cstackCOMRAM 0000
__Hdata                                data         0000
__Heeprom_data                         eeprom_data  0000
__Hfarbss                              farbss       0000
__Hfardata                             fardata      0000
__Hheap                                heap         0000
__Hibigdata                            ibigdata     0000
__Hidata                               idata        0000
__Hidloc                               idloc        0000
__Hifardata                            ifardata     0000
__Hinit                                init         0014
__Hintcode                             intcode      000C
__Hintcode_body                        intcode_body 0000
__Hintcodelo                           intcodelo    000C
__Hintentry                            intentry     0000
__Hintret                              intret       0000
__Hintsave_regs                        intsave_regs 0000
__Hirdata                              irdata       0000
__Hmediumconst                         mediumconst  0000
__HnvFARRAM                            nvFARRAM     0000
__Hnvbit                               nvbit        0000
__Hnvrram                              nvrram       0000
__Hparam                               rparam       0000
__Hpowerup                             powerup      000C
__Hram                                 ram          0000
__Hramtop                              ramtop       0600
__Hrbit                                rbit         0000
__Hrbss                                rbss         0000
__Hrdata                               rdata        0000
__Hreset_vec                           reset_vec    0004
__Hrparam                              rparam       0000
__Hsfr                                 sfr          0000
__Hsivt_hi                             sivt_hi      0000
__Hsivt_lo                             sivt_lo      0000
__Hsmallconst                          smallconst   0602
__Hspace_0                             (abs)        2A8E
__Hspace_1                             (abs)        0538
__Hspace_2                             (abs)        0600
__Hspace_4                             (abs)        0000
__Hstack                               stack        0600
__Hstruct                              struct       0000
__Htemp                                temp         0021
__Htext                                text         0000
__Htext0                               text0        0000
__Htext1                               text1        0000
__Htext10                              text10       0000
__Htext11                              text11       0000
__Htext12                              text12       0000
__Htext13                              text13       0000
__Htext14                              text14       0000
__Htext15                              text15       0000
__Htext16                              text16       0000
__Htext17                              text17       0000
__Htext18                              text18       0000
__Htext19                              text19       0000
__Htext2                               text2        0000
__Htext20                              text20       0000
__Htext21                              text21       0000
__Htext22                              text22       0000
__Htext23                              text23       0000
__Htext24                              text24       0000
__Htext25                              text25       0000
__Htext26                              text26       0000
__Htext27                              text27       0000
__Htext28                              text28       0000
__Htext29                              text29       0000
__Htext3                               text3        0000
__Htext30                              text30       0000
__Htext31                              text31       0000
__Htext32                              text32       0000
__Htext33                              text33       0000
__Htext34                              text34       0000
__Htext36                              text36       0000
__Htext37                              text37       0000
__Htext4                               text4        0000
__Htext5                               text5        0000
__Htext6                               text6        0000
__Htext7                               text7        0000
__Htext8                               text8        0000
__Htext9                               text9        0000
__LRAM                                 (abs)        0001
__L__absolute__                        __absolute__ 0000
__Labs1                                abs1         0000
__Lbank0                               bank0        0000
__Lbank1                               bank1        0000
__Lbank2                               bank2        0000
__Lbank3                               bank3        0000
__Lbank4                               bank4        0000
__Lbank5                               bank5        0000
__Lbigbss                              bigbss       0000
__Lbigdata                             bigdata      0000
__Lbigram                              bigram       0000
__Lbigsfr                              bigsfr       0000
__Lbss                                 bss          0000
__LbssBANK1                            bssBANK1     0000
__LbssBANK3                            bssBANK3     0000
__Lcinit                               cinit        0000
__Lclrtext                             clrtext      0000
__Lcomram                              comram       0000
__Lconfig                              config       0000
__Lconst                               const        0000
__LcstackBANK0                         cstackBANK0  0000
__LcstackBANK1                         cstackBANK1  0000
__LcstackBANK2                         cstackBANK2  0000
__LcstackBANK3                         cstackBANK3  0000
__LcstackBANK4                         cstackBANK4  0000
__LcstackBANK5                         cstackBANK5  0000
__LcstackCOMRAM                        cstackCOMRAM 0000
__Ldata                                data         0000
__Leeprom_data                         eeprom_data  0000
__Lfarbss                              farbss       0000
__Lfardata                             fardata      0000
__Lheap                                heap         0000
__Libigdata                            ibigdata     0000
__Lidata                               idata        0000
__Lidloc                               idloc        0000
__Lifardata                            ifardata     0000
__Linit                                init         000C
__Lintcode                             intcode      0008
__Lintcode_body                        intcode_body 0000
__Lintcodelo                           intcodelo    000C
__Lintentry                            intentry     0000
__Lintret                              intret       0000
__Lintsave_regs                        intsave_regs 0000
__Lirdata                              irdata       0000
__Lmediumconst                         mediumconst  0000
__LnvFARRAM                            nvFARRAM     0000
__Lnvbit                               nvbit        0000
__Lnvrram                              nvrram       0000
__Lparam                               rparam       0000
__Lpowerup                             powerup      000C
__Lram                                 ram          0000
__Lramtop                              ramtop       0600
__Lrbit                                rbit         0000
__Lrbss                                rbss         0000
__Lrdata                               rdata        0000
__Lreset_vec                           reset_vec    0000
__Lrparam                              rparam       0000
__Lsfr                                 sfr          0000
__Lsivt_hi                             sivt_hi      0000
__Lsivt_lo                             sivt_lo      0000
__Lsmallconst                          smallconst   0600
__Lspace_0                             (abs)        0000
__Lspace_1                             (abs)        0000
__Lspace_2                             (abs)        0000
__Lspace_4                             (abs)        0000
__Lstack                               stack        0538
__Lstruct                              struct       0000
__Ltemp                                temp         0001
__Ltext                                text         0000
__Ltext0                               text0        0000
__Ltext1                               text1        0000
__Ltext10                              text10       0000
__Ltext11                              text11       0000
__Ltext12                              text12       0000
__Ltext13                              text13       0000
__Ltext14                              text14       0000
__Ltext15                              text15       0000
__Ltext16                              text16       0000
__Ltext17                              text17       0000
__Ltext18                              text18       0000
__Ltext19                              text19       0000
__Ltext2                               text2        0000
__Ltext20                              text20       0000
__Ltext21                              text21       0000
__Ltext22                              text22       0000
__Ltext23                              text23       0000
__Ltext24                              text24       0000
__Ltext25                              text25       0000
__Ltext26                              text26       0000
__Ltext27                              text27       0000
__Ltext28                              text28       0000
__Ltext29                              text29       0000
__Ltext3                               text3        0000
__Ltext30                              text30       0000
__Ltext31                              text31       0000
__Ltext32                              text32       0000
__Ltext33                              text33       0000
__Ltext34                              text34       0000
__Ltext36                              text36       0000
__Ltext37                              text37       0000
__Ltext4                               text4        0000
__Ltext5                               text5        0000
__Ltext6                               text6        0000
__Ltext7                               text7        0000
__Ltext8                               text8        0000
__Ltext9                               text9        0000
__S0                                   (abs)        2A8E
__S1                                   (abs)        0538
__S2                                   (abs)        0600
__S4                                   (abs)        0000
__S5                                   (abs)        0000
___fldiv                               text18       16E4
___fldiv@a                             cstackBANK1  0133
___fldiv@aexp                          cstackBANK1  0143
___fldiv@b                             cstackBANK1  012F
___fldiv@bexp                          cstackBANK1  0142
___fldiv@grs                           cstackBANK1  013E
___fldiv@new_exp                       cstackBANK1  013C
___fldiv@rem                           cstackBANK1  0137
___fldiv@sign                          cstackBANK1  013B
___flge                                text27       20FC
___flge@ff1                            cstackBANK0  00AA
___flge@ff2                            cstackBANK0  00AE
___flmul                               text17       0602
___flmul@a                             cstackBANK1  012B
___flmul@aexp                          cstackBANK0  00BD
___flmul@b                             cstackBANK1  0127
___flmul@bexp                          cstackBANK0  00BE
___flmul@grs                           cstackBANK0  00BF
___flmul@prod                          cstackBANK0  00C3
___flmul@sign                          cstackBANK0  00BC
___flmul@temp                          cstackBANK0  00C7
___heap_hi                             (abs)        0000
___heap_lo                             (abs)        0000
___inthi_sp                            stack        059C
___inthi_stack_hi                      stack        0600
___inthi_stack_lo                      stack        059C
___intlo_sp                            stack        0600
___lwmod                               text22       2674
___lwmod@counter                       cstackBANK4  0475
___lwmod@dividend                      cstackBANK4  0470
___lwmod@divisor                       cstackBANK4  0472
___param_bank                          (abs)        0000
___rparam_used                         (abs)        0001
___sp                                  stack        0538
___stack_hi                            stack        059C
___stack_lo                            stack        0538
___wmul                                text12       2988
___wmul@multiplicand                   cstackBANK5  0502
___wmul@multiplier                     cstackBANK5  0500
___wmul@product                        cstackBANK5  0504
___xxtofl                              text16       1DFC
___xxtofl@arg                          cstackBANK0  00B4
___xxtofl@exp                          cstackBANK0  00B3
___xxtofl@sign                         cstackBANK0  00B2
___xxtofl@val                          cstackBANK0  00AA
__accesstop                            (abs)        0080
__activetblptr                         (abs)        0002
__end_of___fldiv                       text18       1A9E
__end_of___flge                        text27       2202
__end_of___flmul                       text17       0A7A
__end_of___lwmod                       text22       26DA
__end_of___wmul                        text12       29B0
__end_of___xxtofl                      text16       1FB4
__end_of__initialization               cinit        2A16
__end_of_acionar_sentido_1             text34       2A8E
__end_of_config_adc                    text9        2A3E
__end_of_config_app_user               text3        289E
__end_of_config_dc_motor               text8        2A7C
__end_of_config_leds                   text7        2A76
__end_of_config_timer0                 text2        2A5A
__end_of_configura_motor_passo         text6        2A70
__end_of_create_task                   text11       2800
__end_of_delay_task                    text23       1DFC
__end_of_idle                          text13       2988
__end_of_isr_timer                     intcode_body 0ECC
__end_of_main                          text0        2674
__end_of_motor_passo_step              text31       273E
__end_of_parar_motor                   text33       2A88
__end_of_pipe_init                     text4        2852
__end_of_pipe_read                     text29       2560
__end_of_pipe_write                    text19       24D0
__end_of_read_temperature              text15       22E2
__end_of_round_robin_scheduler         text26       20FC
__end_of_scheduler                     text25       2A82
__end_of_sem_init                      text5        28EA
__end_of_sem_post                      text21       130E
__end_of_sem_wait                      text20       16E4
__end_of_setup_os                      text10       295C
__end_of_start_os                      text1        2A66
__end_of_task_dc_motor                 text32       292A
__end_of_task_general_control          text28       2436
__end_of_task_stepper_motor            text30       25EC
__end_of_task_temperature_read         text14       2398
__end_ofi1___wmul                      text24       29D8
__end_ofi2___lwmod                     text37       27A2
__end_ofi2___wmul                      text36       29FE
__initialization                       cinit        29FE
__mediumconst                          mediumconst  0000
__pbssBANK1                            bssBANK1     014E
__pbssBANK3                            bssBANK3     0300
__pcinit                               cinit        29FE
__pcstackBANK0                         cstackBANK0  0080
__pcstackBANK1                         cstackBANK1  0100
__pcstackBANK2                         cstackBANK2  0200
__pcstackBANK3                         cstackBANK3  0000
__pcstackBANK4                         cstackBANK4  0400
__pcstackBANK5                         cstackBANK5  0500
__pcstackCOMRAM                        cstackCOMRAM 0021
__pintcode                             intcode      0008
__pintcode_body                        intcode_body 0A7A
__psmallconst                          smallconst   0600
__ptext0                               text0        25EC
__ptext1                               text1        2A5A
__ptext10                              text10       292A
__ptext11                              text11       27A2
__ptext12                              text12       2988
__ptext13                              text13       295C
__ptext14                              text14       22E2
__ptext15                              text15       2202
__ptext16                              text16       1DFC
__ptext17                              text17       0602
__ptext18                              text18       16E4
__ptext19                              text19       2436
__ptext2                               text2        2A3E
__ptext20                              text20       130E
__ptext21                              text21       0ECC
__ptext22                              text22       2674
__ptext23                              text23       1A9E
__ptext24                              text24       29B0
__ptext25                              text25       2A7C
__ptext26                              text26       1FB4
__ptext27                              text27       20FC
__ptext28                              text28       2398
__ptext29                              text29       24D0
__ptext3                               text3        2852
__ptext30                              text30       2560
__ptext31                              text31       26DA
__ptext32                              text32       28EA
__ptext33                              text33       2A82
__ptext34                              text34       2A88
__ptext36                              text36       29D8
__ptext37                              text37       273E
__ptext4                               text4        2800
__ptext5                               text5        289E
__ptext6                               text6        2A66
__ptext7                               text7        2A70
__ptext8                               text8        2A76
__ptext9                               text9        2A20
__ramtop                               ramtop       0600
__smallconst                           smallconst   0600
_acionar_sentido_1                     text34       2A88
_comunicacao                           bssBANK1     0150
_config_adc                            text9        2A20
_config_app_user                       text3        2852
_config_dc_motor                       text8        2A76
_config_leds                           text7        2A70
_config_timer0                         text2        2A3E
_configura_motor_passo                 text6        2A66
_create_task                           text11       27A2
_dc_motor_buffer                       bssBANK1     014E
_dc_motor_sem                          bssBANK1     0172
_delay_task                            text23       1A9E
_idle                                  text13       295C
_isr_timer                             intcode      0008
_main                                  text0        25EC
_motor_passo_step                      text31       26DA
_parar_motor                           text33       2A82
_pipe_init                             text4        2800
_pipe_read                             text29       24D0
_pipe_write                            text19       2436
_read_temperature                      text15       2202
_read_temperature$1688                 cstackBANK1  0148
_round_robin_scheduler                 text26       1FB4
_scheduler                             text25       2A7C
_sem_init                              text5        289E
_sem_post                              text21       0ECC
_sem_wait                              text20       130E
_setup_os                              text10       292A
_start_os                              text1        2A5A
_stepper_buffer                        bssBANK1     014F
_stepper_sem                           bssBANK1     0180
_task_dc_motor                         text32       28EA
_task_general_control                  text28       2398
_task_stepper_motor                    text30       2560
_task_temperature_read                 text14       22E2
btemp                                  temp         0001
create_task@func                       cstackBANK5  050A
create_task@id                         cstackBANK5  0506
create_task@new_task                   cstackBANK5  050C
create_task@prior                      cstackBANK5  0508
delay_task@stack_size                  cstackBANK4  047A
delay_task@stack_size_324              cstackBANK4  047C
delay_task@time                        cstackBANK4  0476
end_of_initialization                  cinit        2A16
i1___wmul                              text24       29B0
i1___wmul@multiplicand                 cstackBANK4  0472
i1___wmul@multiplier                   cstackBANK4  0470
i1___wmul@product                      cstackBANK4  0474
i2___lwmod                             text37       273E
i2___lwmod@counter                     cstackCOMRAM 0025
i2___lwmod@dividend                    cstackCOMRAM 0021
i2___lwmod@divisor                     cstackCOMRAM 0023
i2___wmul                              text36       29D8
i2___wmul@multiplicand                 cstackCOMRAM 0023
i2___wmul@multiplier                   cstackCOMRAM 0021
i2___wmul@product                      cstackCOMRAM 0025
int_func                               intcode_body 0A7A
intlevel0                              text         0000
intlevel1                              text         0000
intlevel2                              text         0000
intlevel3                              text         0000
isa$std                                (abs)        0001
isa$xinst                              (abs)        0000
isr_timer@i                            cstackCOMRAM 0039
isr_timer@stack_size                   cstackCOMRAM 0035
isr_timer@stack_size_285               cstackCOMRAM 0037
lltemp0                                temp         0001
lltemp1                                temp         0009
lltemp2                                temp         0011
lltemp3                                temp         0019
ltemp0                                 temp         0001
ltemp1                                 temp         0005
ltemp2                                 temp         0009
motor_passo_step@step                  cstackBANK2  023E
pipe_init@p                            cstackBANK5  0504
pipe_read@data                         cstackBANK2  0237
pipe_read@p                            cstackBANK2  0235
pipe_write@data                        cstackBANK0  00AC
pipe_write@p                           cstackBANK0  00AA
read_temperature@adc_value             cstackBANK1  014C
sem_init@s                             cstackBANK5  0500
sem_init@valor                         cstackBANK5  0502
sem_post@s                             cstackBANK2  022B
sem_post@stack_size                    cstackBANK2  0231
sem_post@stack_size_554                cstackBANK2  0233
sem_wait@s                             cstackBANK4  0476
sem_wait@stack_size                    cstackBANK4  047C
sem_wait@stack_size_545                cstackBANK4  047E
stackhi                                (abs)        05FF
stacklo                                (abs)        0538
start                                  init         000C
start_initialization                   cinit        29FE
task_general_control@temperature_level cstackBANK2  023D
task_temperature_read@level            cstackBANK0  00CF
task_temperature_read@temperature      cstackBANK0  00D0
ttemp0                                 temp         0001
ttemp1                                 temp         0004
ttemp2                                 temp         0007
ttemp3                                 temp         000A
ttemp5                                 temp         0002
ttemp6                                 temp         0005
ttemp7                                 temp         0009
wtemp0                                 temp         0001
wtemp1                                 temp         0003
wtemp2                                 temp         0005
wtemp3                                 temp         0007
wtemp4                                 temp         0009
wtemp5                                 temp         000B
wtemp8                                 temp         0002


MODULE INFORMATION

Module		Function		Class		Link	Load	Size
semaphore.c
		_sem_wait      		CODE           	130E	0000	982
		_sem_init      		CODE           	289E	0000	76
		_sem_post      		CODE           	0ECC	0000	1090

semaphore.c estimated size: 2148

C:\Program Files\Microchip\xc8\v2.46\pic\sources\c99\common\xxtofl.c
		___xxtofl      		CODE           	1DFC	0000	440

C:\Program Files\Microchip\xc8\v2.46\pic\sources\c99\common\xxtofl.c estimated size: 440

C:\Program Files\Microchip\xc8\v2.46\pic\sources\c99\common\sprcmul.c
		___flmul       		CODE           	0602	0000	1144

C:\Program Files\Microchip\xc8\v2.46\pic\sources\c99\common\sprcmul.c estimated size: 1144

C:\Program Files\Microchip\xc8\v2.46\pic\sources\c99\common\sprcdiv.c
		___fldiv       		CODE           	16E4	0000	954

C:\Program Files\Microchip\xc8\v2.46\pic\sources\c99\common\sprcdiv.c estimated size: 954

hardware_io.c
		_read_temperature		CODE           	2202	0000	224
		_configura_motor_passo		CODE           	2A66	0000	10
		_config_dc_motor		CODE           	2A76	0000	6
		_acionar_sentido_1		CODE           	2A88	0000	6
		_motor_passo_step		CODE           	26DA	0000	100
		_config_adc    		CODE           	2A20	0000	30
		_config_leds   		CODE           	2A70	0000	6
		_parar_motor   		CODE           	2A82	0000	6

hardware_io.c estimated size: 388

kernel.c
		_round_robin_scheduler		CODE           	1FB4	0000	328
		_scheduler     		CODE           	2A7C	0000	6
		_create_task   		CODE           	27A2	0000	94
		_delay_task    		CODE           	1A9E	0000	862
		_idle          		CODE           	295C	0000	44
		_start_os      		CODE           	2A5A	0000	12
		_isr_timer     		CODE           	0008	0000	1110
		_setup_os      		CODE           	292A	0000	50
		_config_timer0 		CODE           	2A3E	0000	28

kernel.c estimated size: 2534

shared
		i1___wmul      		CODE           	29B0	0000	40
		i2___wmul      		CODE           	29D8	0000	38
		i2___lwmod     		CODE           	273E	0000	100
		__initialization		CODE           	29FE	0000	24

shared estimated size: 202

C:\Program Files\Microchip\xc8\v2.46\pic\sources\c99\common\Umul16.c
		___wmul        		CODE           	2988	0000	40

C:\Program Files\Microchip\xc8\v2.46\pic\sources\c99\common\Umul16.c estimated size: 40

pipe.c
		_pipe_read     		CODE           	24D0	0000	144
		_pipe_init     		CODE           	2800	0000	82
		_pipe_write    		CODE           	2436	0000	154

pipe.c estimated size: 380

C:\Program Files\Microchip\xc8\v2.46\pic\sources\c99\common\lwmod.c
		___lwmod       		CODE           	2674	0000	102

C:\Program Files\Microchip\xc8\v2.46\pic\sources\c99\common\lwmod.c estimated size: 102

main.c
		_main          		CODE           	25EC	0000	136

main.c estimated size: 136

user_app.c
		_task_stepper_motor		CODE           	2560	0000	140
		_config_app_user		CODE           	2852	0000	76
		_task_dc_motor 		CODE           	28EA	0000	64
		_task_general_control		CODE           	2398	0000	158
		_task_temperature_read		CODE           	22E2	0000	182

user_app.c estimated size: 620

C:\Program Files\Microchip\xc8\v2.46\pic\sources\c99\common\flge.c
		___flge        		CODE           	20FC	0000	262

C:\Program Files\Microchip\xc8\v2.46\pic\sources\c99\common\flge.c estimated size: 262

